// Jest Snapshot v1, https://goo.gl/fbAQLP

exports[`Shape component renders Shape 1`] = `
<div
  style={
    Object {
      "backgroundColor": "#000000",
      "color": "#FFFFFF",
      "height": "100px",
      "width": "100px",
    }
  }
>
  <span />
</div>
`;
